// Jest Snapshot v1, https://goo.gl/fbAQLP

exports[`Header renders properly 1`] = `
ShallowWrapper {
  "length": 1,
  Symbol(enzyme.__root__): [Circular],
  Symbol(enzyme.__unrendered__): <Header />,
  Symbol(enzyme.__renderer__): Object {
    "batchedUpdates": [Function],
    "getNode": [Function],
    "render": [Function],
    "simulateEvent": [Function],
    "unmount": [Function],
  },
  Symbol(enzyme.__node__): Object {
    "instance": null,
    "key": null,
    "nodeType": "class",
    "props": Object {
      "bsClass": "jumbotron",
      "children": Array [
        <hr />,
        <div
          className="row"
        >
          <div
            className="col-xs-12"
          >
            <h1
              className="text-center"
            >
              Ada Lovelace
            </h1>
            <h4
              className="text-center"
            >
              The first computer programmer
            </h4>
          </div>
        </div>,
        <div
          className="row"
        >
          <div
            className="col-xs-12"
          >
            <Gallery />
          </div>
        </div>,
      ],
      "componentClass": "div",
    },
    "ref": null,
    "rendered": Array [
      Object {
        "instance": null,
        "key": null,
        "nodeType": "host",
        "props": Object {},
        "ref": null,
        "rendered": null,
        "type": "hr",
      },
      Object {
        "instance": null,
        "key": null,
        "nodeType": "host",
        "props": Object {
          "children": <div
            className="col-xs-12"
          >
            <h1
              className="text-center"
            >
              Ada Lovelace
            </h1>
            <h4
              className="text-center"
            >
              The first computer programmer
            </h4>
          </div>,
          "className": "row",
        },
        "ref": null,
        "rendered": Object {
          "instance": null,
          "key": null,
          "nodeType": "host",
          "props": Object {
            "children": Array [
              <h1
                className="text-center"
              >
                Ada Lovelace
              </h1>,
              <h4
                className="text-center"
              >
                The first computer programmer
              </h4>,
            ],
            "className": "col-xs-12",
          },
          "ref": null,
          "rendered": Array [
            Object {
              "instance": null,
              "key": null,
              "nodeType": "host",
              "props": Object {
                "children": "Ada Lovelace",
                "className": "text-center",
              },
              "ref": null,
              "rendered": "Ada Lovelace",
              "type": "h1",
            },
            Object {
              "instance": null,
              "key": null,
              "nodeType": "host",
              "props": Object {
                "children": "The first computer programmer",
                "className": "text-center",
              },
              "ref": null,
              "rendered": "The first computer programmer",
              "type": "h4",
            },
          ],
          "type": "div",
        },
        "type": "div",
      },
      Object {
        "instance": null,
        "key": null,
        "nodeType": "host",
        "props": Object {
          "children": <div
            className="col-xs-12"
          >
            <Gallery />
          </div>,
          "className": "row",
        },
        "ref": null,
        "rendered": Object {
          "instance": null,
          "key": null,
          "nodeType": "host",
          "props": Object {
            "children": <Gallery />,
            "className": "col-xs-12",
          },
          "ref": null,
          "rendered": Object {
            "instance": null,
            "key": null,
            "nodeType": "class",
            "props": Object {},
            "ref": null,
            "rendered": null,
            "type": [Function],
          },
          "type": "div",
        },
        "type": "div",
      },
    ],
    "type": [Function],
  },
  Symbol(enzyme.__nodes__): Array [
    Object {
      "instance": null,
      "key": null,
      "nodeType": "class",
      "props": Object {
        "bsClass": "jumbotron",
        "children": Array [
          <hr />,
          <div
            className="row"
          >
            <div
              className="col-xs-12"
            >
              <h1
                className="text-center"
              >
                Ada Lovelace
              </h1>
              <h4
                className="text-center"
              >
                The first computer programmer
              </h4>
            </div>
          </div>,
          <div
            className="row"
          >
            <div
              className="col-xs-12"
            >
              <Gallery />
            </div>
          </div>,
        ],
        "componentClass": "div",
      },
      "ref": null,
      "rendered": Array [
        Object {
          "instance": null,
          "key": null,
          "nodeType": "host",
          "props": Object {},
          "ref": null,
          "rendered": null,
          "type": "hr",
        },
        Object {
          "instance": null,
          "key": null,
          "nodeType": "host",
          "props": Object {
            "children": <div
              className="col-xs-12"
            >
              <h1
                className="text-center"
              >
                Ada Lovelace
              </h1>
              <h4
                className="text-center"
              >
                The first computer programmer
              </h4>
            </div>,
            "className": "row",
          },
          "ref": null,
          "rendered": Object {
            "instance": null,
            "key": null,
            "nodeType": "host",
            "props": Object {
              "children": Array [
                <h1
                  className="text-center"
                >
                  Ada Lovelace
                </h1>,
                <h4
                  className="text-center"
                >
                  The first computer programmer
                </h4>,
              ],
              "className": "col-xs-12",
            },
            "ref": null,
            "rendered": Array [
              Object {
                "instance": null,
                "key": null,
                "nodeType": "host",
                "props": Object {
                  "children": "Ada Lovelace",
                  "className": "text-center",
                },
                "ref": null,
                "rendered": "Ada Lovelace",
                "type": "h1",
              },
              Object {
                "instance": null,
                "key": null,
                "nodeType": "host",
                "props": Object {
                  "children": "The first computer programmer",
                  "className": "text-center",
                },
                "ref": null,
                "rendered": "The first computer programmer",
                "type": "h4",
              },
            ],
            "type": "div",
          },
          "type": "div",
        },
        Object {
          "instance": null,
          "key": null,
          "nodeType": "host",
          "props": Object {
            "children": <div
              className="col-xs-12"
            >
              <Gallery />
            </div>,
            "className": "row",
          },
          "ref": null,
          "rendered": Object {
            "instance": null,
            "key": null,
            "nodeType": "host",
            "props": Object {
              "children": <Gallery />,
              "className": "col-xs-12",
            },
            "ref": null,
            "rendered": Object {
              "instance": null,
              "key": null,
              "nodeType": "class",
              "props": Object {},
              "ref": null,
              "rendered": null,
              "type": [Function],
            },
            "type": "div",
          },
          "type": "div",
        },
      ],
      "type": [Function],
    },
  ],
  Symbol(enzyme.__options__): Object {
    "adapter": ReactSixteenAdapter {
      "options": Object {
        "enableComponentDidUpdateOnSetState": true,
      },
    },
    "disableLifecycleMethods": true,
  },
}
`;
